Dump locations assigned:
  Truck 0: (0, 0)
  Truck 1: (0, 0)
  Truck 2: (0, 0)
  Truck 3: (0, 0)
  Truck 4: (0, 0)
  Truck 5: (0, 0)
  Truck 6: (0, 0)
  Truck 7: (0, 0)
  Truck 8: (0, 0)
  Truck 9: (0, 0)
  Truck 10: (0, 0)
  Truck 11: (0, 0)
  Truck 12: (0, 0)
  Truck 13: (0, 0)

Total unique dump locations: 1
Total trucks: 14

Grid analysis:
  Total DUMP_PILE cells: 1
  Expected unique locations: 1

Actual locations with DUMP_PILE in grid:
  (0, 0): height=14.0
